Delta_f_ij
[[  0.           5.07239      7.871897     9.5116394   10.52355183]
 [ -5.07239      0.           2.79950699   4.4392494    5.45116183]
 [ -7.871897    -2.79950699   0.           1.6397424    2.65165484]
 [ -9.5116394   -4.4392494   -1.6397424    0.           1.01191244]
 [-10.52355183  -5.45116183  -2.65165484  -1.01191244   0.        ]]
Delta_f_ij_analytical
[[ 0.         -0.27348234 -0.50470835 -0.70500544 -0.88168   ]
 [ 0.27348234  0.         -0.23122602 -0.43152311 -0.60819766]
 [ 0.50470835  0.23122602  0.         -0.20029709 -0.37697164]
 [ 0.70500544  0.43152311  0.20029709  0.         -0.17667455]
 [ 0.88168     0.60819766  0.37697164  0.17667455  0.        ]]
error
[[ 0.          5.34587234  8.37660535 10.21664484 11.40523183]
 [ 5.34587234  0.          3.03073301  4.87077251  6.05935949]
 [ 8.37660535  3.03073301  0.          1.84003949  3.02862648]
 [10.21664484  4.87077251  1.84003949  0.          1.18858699]
 [11.40523183  6.05935949  3.02862648  1.18858699  0.        ]]
stderr
[[0.         0.27335011 0.39420293 0.46421658 0.51411223]
 [0.27335011 0.         0.15228303 0.26005118 0.33540674]
 [0.39420293 0.15228303 0.         0.12281045 0.21141517]
 [0.46421658 0.26005118 0.12281045 0.         0.09346116]
 [0.51411223 0.33540674 0.21141517 0.09346116 0.        ]]
nsigma
[[ 0.        19.55687   21.249475  22.008358  22.184322 ]
 [19.55687    0.        19.901974  18.730053  18.065706 ]
 [21.249475  19.901974   0.        14.982759  14.325493 ]
 [22.008358  18.730053  14.982759   0.        12.7174425]
 [22.184322  18.065706  14.325493  12.7174425  0.       ]]
WARNING: Dimensionless free energy difference exceeds MAX_SIGMA of 6.0
Delta_u_ij
[[  0.          12.20545713  19.47498683  24.10688267  26.91300934]
 [-12.20545713   0.           7.2695297   11.90142554  14.70755221]
 [-19.47498683  -7.2695297    0.           4.63189584   7.43802251]
 [-24.10688267 -11.90142554  -4.63189584   0.           2.80612667]
 [-26.91300934 -14.70755221  -7.43802251  -2.80612667   0.        ]]
Delta_u_ij_analytical
[[ 0.00000000e+00  0.00000000e+00  8.88178420e-16  2.22044605e-16
   4.44089210e-16]
 [ 0.00000000e+00  0.00000000e+00  8.88178420e-16  2.22044605e-16
   4.44089210e-16]
 [-8.88178420e-16 -8.88178420e-16  0.00000000e+00 -6.66133815e-16
  -4.44089210e-16]
 [-2.22044605e-16 -2.22044605e-16  6.66133815e-16  0.00000000e+00
   2.22044605e-16]
 [-4.44089210e-16 -4.44089210e-16  4.44089210e-16 -2.22044605e-16
   0.00000000e+00]]
error
[[  0.          12.20545713  19.47498683  24.10688267  26.91300934]
 [-12.20545713   0.           7.2695297   11.90142554  14.70755221]
 [-19.47498683  -7.2695297    0.           4.63189584   7.43802251]
 [-24.10688267 -11.90142554  -4.63189584   0.           2.80612667]
 [-26.91300934 -14.70755221  -7.43802251  -2.80612667   0.        ]]
nsigma
[[  0.        44.65137   49.403454  51.93025   52.34851 ]
 [-44.65137    0.        47.736965  45.765705  43.8499  ]
 [-49.403454 -47.736965   0.        37.715813  35.182068]
 [-51.93025  -45.765705 -37.715813   0.        30.02452 ]
 [-52.34851  -43.8499   -35.182068 -30.02452    0.      ]]
WARNING: Dimensionless potential energy difference exceeds MAX_SIGMA of 6.0
Calculation time was: -29.60258579789661 seconds.
