(base) root@crestone:/home/gmeek/Foldamers/OpenMM_CG_polymers/REMD/test# /home/gmeek/software/anaconda3/bin/python3 test_sampling.py > .out
2019-02-22 17:37:28,681: No force of type <class 'openmmtools.forces.RadiallySymmetricRestraintForce'> could be found. The restraint will not be unbiased.
2019-02-22 17:37:28,681: Reading energies...
2019-02-22 17:37:28,693: Done.
/home/gmeek/software/anaconda3/lib/python3.6/site-packages/yank/multistate/utils.py:163: FutureWarning: Using a non-tuple sequence for multidimensional indexing is deprecated; use `arr[tuple(seq)]` instead of `arr[seq]`. In the future this will be interpreted as an array index, `arr[np.array(seq)]`, which will result either in an error or a different result.
  equilibrated_data = cast_data[slc]
2019-02-22 17:37:28,730: Computing free energy differences...
2019-02-22 17:37:28,779: Computing covariance matrix...
2019-02-22 17:37:28,795: Deltaf_ij:
2019-02-22 17:37:28,796:    0.000  -0.551  -1.173
2019-02-22 17:37:28,796:    0.551   0.000  -0.622
2019-02-22 17:37:28,796:    1.173   0.622   0.000
2019-02-22 17:37:28,796: dDeltaf_ij:
2019-02-22 17:37:28,796:    0.000   0.021   0.048
2019-02-22 17:37:28,796:    0.021   0.000   0.029
2019-02-22 17:37:28,796:    0.048   0.029   0.000
