{'title': 'Replica-exchange sampler simulation created using ReplicaExchangeSampler class of yank.multistate on Thu Feb 28 17:06:20 2019'}
